---
source: src/lib.rs
expression: output
---
{
  "items": [
    {
      "title": "Hello, World!",
      "subtitle": "This is a test subtitle.",
      "arg": [
        "https://example.com"
      ],
      "icon": {
        "type": "fileicon",
        "path": "icon.png"
      },
      "valid": true,
      "type": "default"
    }
  ],
  "variables": {
    "key2": "value2",
    "key": "value"
  }
}
